{
  "status": "PASS",
  "pilot_cases": 6,
  "pilot_attempts": 12,
  "classifications": {
    "OPEN_NO_VERIFIED_INCUMBENT": 12
  },
  "exact_model_rows_rebuilt": 109035,
  "exact_model_variables_rebuilt": 46744,
  "original_solver_seconds": 243.7047776969921,
  "original_total_wall_seconds": 249.0517963139937,
  "flow_probe_patterns": 12,
  "flow_classifications": {
    "FIXED_PATTERN_HALL_OBSTRUCTION": 12
  },
  "fixed_pattern_failures_explained_entirely_by_empty_eligibility": 12,
  "obligations_with_nonempty_eligibility_across_probes": 9,
  "constructed_pattern_minimum_endpoint_checks": [
    {
      "layer": "n34-m289",
      "state_id": 60,
      "residual_method": "first",
      "violated_minimum_endpoint_loads": [
        [
          7,
          3,
          2,
          8
        ],
        [
          7,
          4,
          2,
          8
        ],
        [
          7,
          5,
          2,
          8
        ],
        [
          7,
          6,
          2,
          8
        ],
        [
          7,
          7,
          2,
          8
        ],
        [
          8,
          3,
          2,
          8
        ],
        [
          8,
          4,
          2,
          8
        ],
        [
          8,
          5,
          2,
          8
        ],
        [
          8,
          6,
          2,
          8
        ],
        [
          8,
          7,
          2,
          8
        ],
        [
          12,
          8,
          5,
          7
        ],
        [
          12,
          9,
          5,
          7
        ],
        [
          12,
          10,
          3,
          7
        ],
        [
          12,
          11,
          3,
          7
        ],
        [
          12,
          12,
          3,
          7
        ],
        [
          12,
          13,
          3,
          7
        ],
        [
          12,
          14,
          3,
          7
        ],
        [
          13,
          8,
          5,
          7
        ],
        [
          13,
          9,
          5,
          7
        ],
        [
          13,
          10,
          3,
          7
        ],
        [
          13,
          11,
          3,
          7
        ],
        [
          13,
          12,
          3,
          7
        ],
        [
          13,
          13,
          3,
          7
        ],
        [
          13,
          14,
          3,
          7
        ],
        [
          14,
          8,
          5,
          7
        ],
        [
          14,
          9,
          5,
          7
        ],
        [
          14,
          10,
          3,
          7
        ],
        [
          14,
          11,
          3,
          7
        ],
        [
          14,
          12,
          3,
          7
        ],
        [
          14,
          13,
          3,
          7
        ],
        [
          14,
          14,
          3,
          7
        ]
      ],
      "scope": "Checks R_i+x_i>=q_u only. Full load with p_u requires a routing."
    },
    {
      "layer": "n34-m289",
      "state_id": 60,
      "residual_method": "last",
      "violated_minimum_endpoint_loads": [
        [
          7,
          0,
          2,
          8
        ],
        [
          7,
          1,
          2,
          8
        ],
        [
          7,
          2,
          2,
          8
        ],
        [
          7,
          3,
          2,
          8
        ],
        [
          7,
          4,
          2,
          8
        ],
        [
          7,
          5,
          5,
          8
        ],
        [
          7,
          6,
          5,
          8
        ],
        [
          7,
          7,
          5,
          8
        ],
        [
          8,
          0,
          2,
          8
        ],
        [
          8,
          1,
          2,
          8
        ],
        [
          8,
          2,
          2,
          8
        ],
        [
          8,
          3,
          2,
          8
        ],
        [
          8,
          4,
          2,
          8
        ],
        [
          8,
          5,
          5,
          8
        ],
        [
          8,
          6,
          5,
          8
        ],
        [
          8,
          7,
          5,
          8
        ],
        [
          12,
          8,
          3,
          7
        ],
        [
          12,
          9,
          3,
          7
        ],
        [
          12,
          10,
          3,
          7
        ],
        [
          12,
          11,
          3,
          7
        ],
        [
          12,
          12,
          6,
          7
        ],
        [
          13,
          8,
          3,
          7
        ],
        [
          13,
          9,
          3,
          7
        ],
        [
          13,
          10,
          3,
          7
        ],
        [
          13,
          11,
          3,
          7
        ],
        [
          13,
          12,
          6,
          7
        ],
        [
          14,
          8,
          3,
          7
        ],
        [
          14,
          9,
          3,
          7
        ],
        [
          14,
          10,
          3,
          7
        ],
        [
          14,
          11,
          3,
          7
        ],
        [
          14,
          12,
          6,
          7
        ]
      ],
      "scope": "Checks R_i+x_i>=q_u only. Full load with p_u requires a routing."
    },
    {
      "layer": "n34-m289",
      "state_id": 7896,
      "residual_method": "first",
      "violated_minimum_endpoint_loads": [
        [
          7,
          5,
          5,
          8
        ],
        [
          7,
          6,
          5,
          8
        ],
        [
          7,
          7,
          4,
          8
        ],
        [
          8,
          5,
          5,
          8
        ],
        [
          8,
          6,
          5,
          8
        ],
        [
          8,
          7,
          4,
          8
        ],
        [
          9,
          5,
          5,
          6
        ],
        [
          9,
          6,
          5,
          6
        ],
        [
          9,
          7,
          4,
          6
        ],
        [
          10,
          5,
          5,
          6
        ],
        [
          10,
          6,
          5,
          6
        ],
        [
          10,
          7,
          4,
          6
        ],
        [
          11,
          12,
          5,
          7
        ],
        [
          11,
          13,
          5,
          7
        ],
        [
          11,
          14,
          5,
          7
        ],
        [
          12,
          12,
          5,
          7
        ],
        [
          12,
          13,
          5,
          7
        ],
        [
          12,
          14,
          5,
          7
        ],
        [
          13,
          12,
          5,
          7
        ],
        [
          13,
          13,
          5,
          7
        ],
        [
          13,
          14,
          5,
          7
        ],
        [
          14,
          12,
          5,
          7
        ],
        [
          14,
          13,
          5,
          7
        ],
        [
          14,
          14,
          5,
          7
        ],
        [
          15,
          12,
          5,
          7
        ],
        [
          15,
          13,
          5,
          7
        ],
        [
          15,
          14,
          5,
          7
        ]
      ],
      "scope": "Checks R_i+x_i>=q_u only. Full load with p_u requires a routing."
    },
    {
      "layer": "n34-m289",
      "state_id": 7896,
      "residual_method": "last",
      "violated_minimum_endpoint_loads": [
        [
          7,
          0,
          3,
          8
        ],
        [
          7,
          1,
          3,
          8
        ],
        [
          7,
          2,
          4,
          8
        ],
        [
          8,
          0,
          3,
          8
        ],
        [
          8,
          1,
          3,
          8
        ],
        [
          8,
          2,
          4,
          8
        ],
        [
          9,
          2,
          4,
          6
        ],
        [
          10,
          2,
          4,
          6
        ],
        [
          11,
          8,
          6,
          7
        ],
        [
          11,
          9,
          6,
          7
        ],
        [
          12,
          8,
          6,
          7
        ],
        [
          12,
          9,
          6,
          7
        ],
        [
          13,
          8,
          6,
          7
        ],
        [
          13,
          9,
          6,
          7
        ],
        [
          14,
          8,
          6,
          7
        ],
        [
          14,
          9,
          6,
          7
        ],
        [
          15,
          8,
          6,
          7
        ],
        [
          15,
          9,
          6,
          7
        ]
      ],
      "scope": "Checks R_i+x_i>=q_u only. Full load with p_u requires a routing."
    },
    {
      "layer": "n34-m289",
      "state_id": 13537,
      "residual_method": "first",
      "violated_minimum_endpoint_loads": [
        [
          4,
          6,
          6,
          9
        ],
        [
          4,
          7,
          6,
          9
        ],
        [
          4,
          8,
          6,
          9
        ],
        [
          5,
          6,
          6,
          9
        ],
        [
          5,
          7,
          6,
          9
        ],
        [
          5,
          8,
          6,
          9
        ],
        [
          6,
          6,
          6,
          9
        ],
        [
          6,
          7,
          6,
          9
        ],
        [
          6,
          8,
          6,
          9
        ],
        [
          7,
          6,
          6,
          9
        ],
        [
          7,
          7,
          6,
          9
        ],
        [
          7,
          8,
          6,
          9
        ],
        [
          8,
          6,
          6,
          9
        ],
        [
          8,
          7,
          6,
          9
        ],
        [
          8,
          8,
          6,
          9
        ],
        [
          9,
          6,
          6,
          9
        ],
        [
          9,
          7,
          6,
          9
        ],
        [
          9,
          8,
          6,
          9
        ]
      ],
      "scope": "Checks R_i+x_i>=q_u only. Full load with p_u requires a routing."
    },
    {
      "layer": "n34-m289",
      "state_id": 13537,
      "residual_method": "last",
      "violated_minimum_endpoint_loads": [
        [
          4,
          0,
          6,
          9
        ],
        [
          4,
          1,
          6,
          9
        ],
        [
          4,
          2,
          6,
          9
        ],
        [
          5,
          0,
          6,
          9
        ],
        [
          5,
          1,
          6,
          9
        ],
        [
          5,
          2,
          6,
          9
        ],
        [
          6,
          0,
          6,
          9
        ],
        [
          6,
          1,
          6,
          9
        ],
        [
          6,
          2,
          6,
          9
        ],
        [
          7,
          0,
          6,
          9
        ],
        [
          7,
          1,
          6,
          9
        ],
        [
          7,
          2,
          6,
          9
        ],
        [
          8,
          0,
          6,
          9
        ],
        [
          8,
          1,
          6,
          9
        ],
        [
          8,
          2,
          6,
          9
        ],
        [
          9,
          0,
          6,
          9
        ],
        [
          9,
          1,
          6,
          9
        ],
        [
          9,
          2,
          6,
          9
        ]
      ],
      "scope": "Checks R_i+x_i>=q_u only. Full load with p_u requires a routing."
    },
    {
      "layer": "n35-m306",
      "state_id": 17,
      "residual_method": "first",
      "violated_minimum_endpoint_loads": [
        [
          10,
          4,
          6,
          11
        ],
        [
          10,
          5,
          6,
          11
        ],
        [
          10,
          6,
          4,
          11
        ],
        [
          10,
          7,
          4,
          11
        ],
        [
          10,
          8,
          4,
          11
        ],
        [
          10,
          9,
          4,
          11
        ],
        [
          10,
          10,
          4,
          11
        ],
        [
          10,
          11,
          4,
          11
        ],
        [
          11,
          4,
          6,
          11
        ],
        [
          11,
          5,
          6,
          11
        ],
        [
          11,
          6,
          4,
          11
        ],
        [
          11,
          7,
          4,
          11
        ],
        [
          11,
          8,
          4,
          11
        ],
        [
          11,
          9,
          4,
          11
        ],
        [
          11,
          10,
          4,
          11
        ],
        [
          11,
          11,
          4,
          11
        ],
        [
          11,
          12,
          5,
          11
        ],
        [
          11,
          13,
          5,
          11
        ],
        [
          11,
          14,
          5,
          11
        ],
        [
          12,
          4,
          6,
          11
        ],
        [
          12,
          5,
          6,
          11
        ],
        [
          12,
          6,
          4,
          11
        ],
        [
          12,
          7,
          4,
          11
        ],
        [
          12,
          8,
          4,
          11
        ],
        [
          12,
          9,
          4,
          11
        ],
        [
          12,
          10,
          4,
          11
        ],
        [
          12,
          11,
          4,
          11
        ],
        [
          12,
          12,
          5,
          11
        ],
        [
          12,
          13,
          5,
          11
        ],
        [
          12,
          14,
          5,
          11
        ],
        [
          13,
          4,
          6,
          11
        ],
        [
          13,
          5,
          6,
          11
        ],
        [
          13,
          6,
          4,
          11
        ],
        [
          13,
          7,
          4,
          11
        ],
        [
          13,
          8,
          4,
          11
        ],
        [
          13,
          9,
          4,
          11
        ],
        [
          13,
          10,
          4,
          11
        ],
        [
          13,
          11,
          4,
          11
        ],
        [
          13,
          12,
          5,
          11
        ],
        [
          13,
          13,
          5,
          11
        ],
        [
          13,
          14,
          5,
          11
        ]
      ],
      "scope": "Checks R_i+x_i>=q_u only. Full load with p_u requires a routing."
    },
    {
      "layer": "n35-m306",
      "state_id": 17,
      "residual_method": "last",
      "violated_minimum_endpoint_loads": [
        [
          10,
          1,
          6,
          11
        ],
        [
          10,
          2,
          6,
          11
        ],
        [
          10,
          3,
          6,
          11
        ],
        [
          10,
          4,
          4,
          11
        ],
        [
          10,
          5,
          4,
          11
        ],
        [
          10,
          6,
          4,
          11
        ],
        [
          10,
          7,
          4,
          11
        ],
        [
          10,
          8,
          5,
          11
        ],
        [
          10,
          9,
          5,
          11
        ],
        [
          10,
          10,
          5,
          11
        ],
        [
          10,
          11,
          9,
          11
        ],
        [
          11,
          4,
          4,
          11
        ],
        [
          11,
          5,
          4,
          11
        ],
        [
          11,
          6,
          4,
          11
        ],
        [
          11,
          7,
          4,
          11
        ],
        [
          11,
          8,
          5,
          11
        ],
        [
          11,
          9,
          5,
          11
        ],
        [
          11,
          10,
          5,
          11
        ],
        [
          11,
          11,
          9,
          11
        ],
        [
          12,
          4,
          4,
          11
        ],
        [
          12,
          5,
          4,
          11
        ],
        [
          12,
          6,
          4,
          11
        ],
        [
          12,
          7,
          4,
          11
        ],
        [
          12,
          8,
          5,
          11
        ],
        [
          12,
          9,
          5,
          11
        ],
        [
          12,
          10,
          5,
          11
        ],
        [
          12,
          11,
          9,
          11
        ],
        [
          13,
          4,
          4,
          11
        ],
        [
          13,
          5,
          4,
          11
        ],
        [
          13,
          6,
          4,
          11
        ],
        [
          13,
          7,
          4,
          11
        ],
        [
          13,
          8,
          5,
          11
        ],
        [
          13,
          9,
          5,
          11
        ],
        [
          13,
          10,
          5,
          11
        ],
        [
          13,
          11,
          9,
          11
        ]
      ],
      "scope": "Checks R_i+x_i>=q_u only. Full load with p_u requires a routing."
    },
    {
      "layer": "n35-m306",
      "state_id": 246,
      "residual_method": "first",
      "violated_minimum_endpoint_loads": [
        [
          8,
          4,
          5,
          11
        ],
        [
          8,
          5,
          4,
          11
        ],
        [
          8,
          6,
          4,
          11
        ],
        [
          8,
          7,
          4,
          11
        ],
        [
          8,
          8,
          4,
          11
        ],
        [
          8,
          9,
          4,
          11
        ],
        [
          8,
          10,
          4,
          11
        ],
        [
          9,
          4,
          5,
          11
        ],
        [
          9,
          5,
          4,
          11
        ],
        [
          9,
          6,
          4,
          11
        ],
        [
          9,
          7,
          4,
          11
        ],
        [
          9,
          8,
          4,
          11
        ],
        [
          9,
          9,
          4,
          11
        ],
        [
          9,
          10,
          4,
          11
        ],
        [
          10,
          4,
          5,
          11
        ],
        [
          10,
          5,
          4,
          11
        ],
        [
          10,
          6,
          4,
          11
        ],
        [
          10,
          7,
          4,
          11
        ],
        [
          10,
          8,
          4,
          11
        ],
        [
          10,
          9,
          4,
          11
        ],
        [
          10,
          10,
          4,
          11
        ],
        [
          10,
          11,
          6,
          11
        ],
        [
          10,
          12,
          6,
          11
        ],
        [
          11,
          4,
          5,
          11
        ],
        [
          11,
          5,
          4,
          11
        ],
        [
          11,
          6,
          4,
          11
        ],
        [
          11,
          7,
          4,
          11
        ],
        [
          11,
          8,
          4,
          11
        ],
        [
          11,
          9,
          4,
          11
        ],
        [
          11,
          10,
          4,
          11
        ],
        [
          11,
          11,
          6,
          11
        ],
        [
          11,
          12,
          6,
          11
        ]
      ],
      "scope": "Checks R_i+x_i>=q_u only. Full load with p_u requires a routing."
    },
    {
      "layer": "n35-m306",
      "state_id": 246,
      "residual_method": "last",
      "violated_minimum_endpoint_loads": [
        [
          8,
          0,
          5,
          11
        ],
        [
          8,
          1,
          5,
          11
        ],
        [
          8,
          2,
          4,
          11
        ],
        [
          8,
          3,
          4,
          11
        ],
        [
          8,
          4,
          4,
          11
        ],
        [
          8,
          5,
          4,
          11
        ],
        [
          8,
          6,
          4,
          11
        ],
        [
          8,
          7,
          6,
          11
        ],
        [
          8,
          8,
          6,
          11
        ],
        [
          8,
          9,
          8,
          11
        ],
        [
          8,
          10,
          8,
          11
        ],
        [
          9,
          0,
          5,
          11
        ],
        [
          9,
          1,
          5,
          11
        ],
        [
          9,
          2,
          4,
          11
        ],
        [
          9,
          3,
          4,
          11
        ],
        [
          9,
          4,
          4,
          11
        ],
        [
          9,
          5,
          4,
          11
        ],
        [
          9,
          6,
          4,
          11
        ],
        [
          9,
          7,
          6,
          11
        ],
        [
          9,
          8,
          6,
          11
        ],
        [
          9,
          9,
          8,
          11
        ],
        [
          9,
          10,
          8,
          11
        ],
        [
          10,
          2,
          4,
          11
        ],
        [
          10,
          3,
          4,
          11
        ],
        [
          10,
          4,
          4,
          11
        ],
        [
          10,
          5,
          4,
          11
        ],
        [
          10,
          6,
          4,
          11
        ],
        [
          10,
          7,
          6,
          11
        ],
        [
          10,
          8,
          6,
          11
        ],
        [
          10,
          9,
          8,
          11
        ],
        [
          10,
          10,
          8,
          11
        ],
        [
          11,
          2,
          4,
          11
        ],
        [
          11,
          3,
          4,
          11
        ],
        [
          11,
          4,
          4,
          11
        ],
        [
          11,
          5,
          4,
          11
        ],
        [
          11,
          6,
          4,
          11
        ],
        [
          11,
          7,
          6,
          11
        ],
        [
          11,
          8,
          6,
          11
        ],
        [
          11,
          9,
          8,
          11
        ],
        [
          11,
          10,
          8,
          11
        ]
      ],
      "scope": "Checks R_i+x_i>=q_u only. Full load with p_u requires a routing."
    },
    {
      "layer": "n35-m306",
      "state_id": 454,
      "residual_method": "first",
      "violated_minimum_endpoint_loads": [
        [
          6,
          5,
          5,
          10
        ],
        [
          6,
          6,
          5,
          10
        ],
        [
          6,
          7,
          5,
          10
        ],
        [
          6,
          8,
          5,
          10
        ],
        [
          6,
          9,
          5,
          10
        ],
        [
          7,
          5,
          5,
          10
        ],
        [
          7,
          6,
          5,
          10
        ],
        [
          7,
          7,
          5,
          10
        ],
        [
          7,
          8,
          5,
          10
        ],
        [
          7,
          9,
          5,
          10
        ],
        [
          8,
          5,
          5,
          10
        ],
        [
          8,
          6,
          5,
          10
        ],
        [
          8,
          7,
          5,
          10
        ],
        [
          8,
          8,
          5,
          10
        ],
        [
          8,
          9,
          5,
          10
        ],
        [
          9,
          5,
          5,
          10
        ],
        [
          9,
          6,
          5,
          10
        ],
        [
          9,
          7,
          5,
          10
        ],
        [
          9,
          8,
          5,
          10
        ],
        [
          9,
          9,
          5,
          10
        ],
        [
          10,
          5,
          5,
          10
        ],
        [
          10,
          6,
          5,
          10
        ],
        [
          10,
          7,
          5,
          10
        ],
        [
          10,
          8,
          5,
          10
        ],
        [
          10,
          9,
          5,
          10
        ]
      ],
      "scope": "Checks R_i+x_i>=q_u only. Full load with p_u requires a routing."
    },
    {
      "layer": "n35-m306",
      "state_id": 454,
      "residual_method": "last",
      "violated_minimum_endpoint_loads": [
        [
          6,
          0,
          5,
          10
        ],
        [
          6,
          1,
          5,
          10
        ],
        [
          6,
          2,
          5,
          10
        ],
        [
          6,
          3,
          5,
          10
        ],
        [
          6,
          4,
          5,
          10
        ],
        [
          7,
          0,
          5,
          10
        ],
        [
          7,
          1,
          5,
          10
        ],
        [
          7,
          2,
          5,
          10
        ],
        [
          7,
          3,
          5,
          10
        ],
        [
          7,
          4,
          5,
          10
        ],
        [
          8,
          0,
          5,
          10
        ],
        [
          8,
          1,
          5,
          10
        ],
        [
          8,
          2,
          5,
          10
        ],
        [
          8,
          3,
          5,
          10
        ],
        [
          8,
          4,
          5,
          10
        ],
        [
          9,
          0,
          5,
          10
        ],
        [
          9,
          1,
          5,
          10
        ],
        [
          9,
          2,
          5,
          10
        ],
        [
          9,
          3,
          5,
          10
        ],
        [
          9,
          4,
          5,
          10
        ],
        [
          10,
          0,
          5,
          10
        ],
        [
          10,
          1,
          5,
          10
        ],
        [
          10,
          2,
          5,
          10
        ],
        [
          10,
          3,
          5,
          10
        ],
        [
          10,
          4,
          5,
          10
        ]
      ],
      "scope": "Checks R_i+x_i>=q_u only. Full load with p_u requires a routing."
    }
  ],
  "tiny_linear_vs_combinatorial_checks": 8192,
  "fixed_cross_patterns_exhaustively_checked": 729,
  "compatible_tiny_cross_patterns": 5024,
  "new_whole_state_exclusions": 0,
  "combined_exclusions": 994,
  "combined_survivors": 4584,
  "external_mathematical_review": "OPEN",
  "unrestricted_theorem": false
}
