MODE n34-m289 60 catalogue_free False elapsed 0.02
MODE n34-m289 60 selected_balance False elapsed 0.04
MODE n34-m289 60 separate_transport False elapsed 0.08
MODE n34-m289 60 joint_transport False elapsed 0.22
MODE n34-m289 66 catalogue_free False elapsed 0.23
MODE n34-m289 66 selected_balance False elapsed 0.25
MODE n34-m289 66 separate_transport True elapsed 0.33
MODE n34-m289 66 joint_transport True elapsed 0.58
MODE n34-m289 133 catalogue_free False elapsed 0.59
MODE n34-m289 133 selected_balance False elapsed 0.61
MODE n34-m289 133 separate_transport True elapsed 0.68
MODE n34-m289 133 joint_transport True elapsed 0.93
MODE n34-m289 184 catalogue_free False elapsed 0.94
MODE n34-m289 184 selected_balance False elapsed 0.95
MODE n34-m289 184 separate_transport True elapsed 1.0
MODE n34-m289 184 joint_transport True elapsed 1.21
MODE n34-m289 275 catalogue_free False elapsed 1.22
MODE n34-m289 275 selected_balance False elapsed 1.23
MODE n34-m289 275 separate_transport True elapsed 1.43
MODE n34-m289 275 joint_transport True elapsed 2.3
MODE n34-m289 316 catalogue_free False elapsed 2.31
MODE n34-m289 316 selected_balance False elapsed 2.32
MODE n34-m289 316 separate_transport True elapsed 2.38
MODE n34-m289 316 joint_transport True elapsed 2.55
MODE n34-m289 972 catalogue_free False elapsed 2.56
MODE n34-m289 972 selected_balance False elapsed 2.59
MODE n34-m289 972 separate_transport False elapsed 2.66
MODE n34-m289 972 joint_transport False elapsed 3.02
MODE n34-m289 1368 catalogue_free False elapsed 3.03
MODE n34-m289 1368 selected_balance False elapsed 3.05
MODE n34-m289 1368 separate_transport False elapsed 3.16
MODE n34-m289 1368 joint_transport False elapsed 3.53
MODE n34-m289 3522 catalogue_free False elapsed 3.54
MODE n34-m289 3522 selected_balance False elapsed 3.55
MODE n34-m289 3522 separate_transport False elapsed 3.59
MODE n34-m289 3522 joint_transport False elapsed 3.76
MODE n34-m289 3972 catalogue_free False elapsed 3.77
MODE n34-m289 3972 selected_balance False elapsed 3.79
MODE n34-m289 3972 separate_transport True elapsed 3.88
MODE n34-m289 3972 joint_transport True elapsed 4.18
MODE n34-m289 4665 catalogue_free False elapsed 4.2
MODE n34-m289 4665 selected_balance False elapsed 4.22
MODE n34-m289 4665 separate_transport True elapsed 4.28
MODE n34-m289 4665 joint_transport True elapsed 4.54
MODE n34-m289 5690 catalogue_free False elapsed 4.55
MODE n34-m289 5690 selected_balance False elapsed 4.58
MODE n34-m289 5690 separate_transport False elapsed 4.63
MODE n34-m289 5690 joint_transport False elapsed 4.89
MODE n34-m289 6158 catalogue_free False elapsed 4.91
MODE n34-m289 6158 selected_balance False elapsed 4.94
MODE n34-m289 6158 separate_transport False elapsed 5.05
MODE n34-m289 6158 joint_transport False elapsed 5.56
MODE n34-m289 9490 catalogue_free False elapsed 5.58
MODE n34-m289 9490 selected_balance False elapsed 5.6
MODE n34-m289 9490 separate_transport False elapsed 5.72
MODE n34-m289 9490 joint_transport False elapsed 6.21
MODE n34-m289 11291 catalogue_free True elapsed 6.23
MODE n34-m289 11291 selected_balance True elapsed 6.25
MODE n34-m289 11291 separate_transport True elapsed 6.3
MODE n34-m289 11291 joint_transport True elapsed 6.48
MODE n34-m289 11798 catalogue_free False elapsed 6.49
MODE n34-m289 11798 selected_balance False elapsed 6.51
MODE n34-m289 11798 separate_transport True elapsed 6.55
MODE n34-m289 11798 joint_transport True elapsed 6.71
MODE n34-m289 13530 catalogue_free False elapsed 6.73
MODE n34-m289 13530 selected_balance False elapsed 6.74
MODE n34-m289 13530 separate_transport True elapsed 6.78
MODE n34-m289 13530 joint_transport True elapsed 6.89
MODE n34-m289 13542 catalogue_free False elapsed 6.9
MODE n34-m289 13542 selected_balance False elapsed 6.92
MODE n34-m289 13542 separate_transport True elapsed 6.98
MODE n34-m289 13542 joint_transport True elapsed 7.18
MODE n35-m306 2 catalogue_free False elapsed 7.19
MODE n35-m306 2 selected_balance False elapsed 7.2
MODE n35-m306 2 separate_transport True elapsed 7.29
MODE n35-m306 2 joint_transport True elapsed 7.6
MODE n35-m306 8 catalogue_free False elapsed 7.61
MODE n35-m306 8 selected_balance False elapsed 7.62
MODE n35-m306 8 separate_transport True elapsed 7.72
MODE n35-m306 8 joint_transport True elapsed 8.12
MODE n35-m306 35 catalogue_free True elapsed 8.14
MODE n35-m306 35 selected_balance True elapsed 8.15
MODE n35-m306 35 separate_transport True elapsed 8.19
MODE n35-m306 35 joint_transport True elapsed 8.32
MODE n35-m306 98 catalogue_free False elapsed 8.33
MODE n35-m306 98 selected_balance False elapsed 8.35
MODE n35-m306 98 separate_transport False elapsed 8.4
MODE n35-m306 98 joint_transport False elapsed 8.64
MODE n35-m306 134 catalogue_free False elapsed 8.65
MODE n35-m306 134 selected_balance False elapsed 8.67
MODE n35-m306 134 separate_transport True elapsed 8.78
MODE n35-m306 134 joint_transport True elapsed 9.28
MODE n35-m306 136 catalogue_free False elapsed 9.3
MODE n35-m306 136 selected_balance False elapsed 9.32
MODE n35-m306 136 separate_transport True elapsed 9.43
MODE n35-m306 136 joint_transport True elapsed 9.91
MODE n35-m306 218 catalogue_free False elapsed 9.92
MODE n35-m306 218 selected_balance False elapsed 9.94
MODE n35-m306 218 separate_transport False elapsed 10.0
MODE n35-m306 218 joint_transport False elapsed 10.23
MODE n35-m306 329 catalogue_free False elapsed 10.24
MODE n35-m306 329 selected_balance False elapsed 10.25
MODE n35-m306 329 separate_transport False elapsed 10.29
MODE n35-m306 329 joint_transport False elapsed 10.46
MODE n35-m306 386 catalogue_free False elapsed 10.47
MODE n35-m306 386 selected_balance False elapsed 10.49
MODE n35-m306 386 separate_transport True elapsed 10.6
MODE n35-m306 386 joint_transport True elapsed 11.0
MODE n35-m306 465 catalogue_free False elapsed 11.02
MODE n35-m306 465 selected_balance False elapsed 11.04
MODE n35-m306 465 separate_transport True elapsed 11.09
MODE n35-m306 465 joint_transport True elapsed 11.31
MODE n35-m307 18 catalogue_free False elapsed 11.32
MODE n35-m307 18 selected_balance True elapsed 11.36
MODE n35-m307 18 separate_transport True elapsed 11.39
MODE n35-m307 18 joint_transport True elapsed 11.52
{"schema": "compatible-routing-pilot-summary-v1", "selected": 29, "exclusions": {"catalogue_free": 2, "selected_balance": 3, "separate_transport": 19, "joint_transport": 19}, "attempts": 648, "seconds": 11.517828977997851, "thresholds": "h=2..max(s), T=4h", "early_stopping": "First uncertified j blocks a threshold; first fully excluded threshold ends a mode for a state.", "external_review": "OPEN"}
