{
  "status": "PASS",
  "scalar_profiles": 1453,
  "scalar_tail_value_checks": 13992,
  "ordinary_cap_additional_profiles": 31,
  "strict_cap_additional_profiles": 40,
  "strictness_extra_profile_ids": [
    20,
    69,
    76,
    91,
    115,
    144,
    1339,
    1340,
    1343
  ],
  "strictness_raised_budget_ids": [
    44,
    46,
    168,
    192,
    213,
    233
  ],
  "full_projection_extra_due_to_budget_penalty": [
    72,
    1259,
    243,
    244,
    1300,
    300,
    1350,
    1363
  ],
  "full_projection_extra_due_to_destination_term": [
    23,
    33,
    46,
    72,
    92,
    116,
    154,
    155,
    170,
    179,
    180,
    194,
    217,
    1259,
    243,
    244,
    1300,
    1301,
    317,
    1345,
    1348,
    1350,
    327,
    1363,
    342,
    343,
    346,
    348,
    1372,
    1374,
    1378,
    1379,
    1380,
    359,
    360,
    363,
    1389,
    366,
    390,
    391,
    392,
    394,
    397,
    400,
    403,
    1443,
    422,
    423,
    438,
    442,
    445,
    448
  ],
  "full_projection_excluded_profile_slacks": {
    "0": 91,
    "1": 23
  },
  "scalar_closed_profiles_subset_of_projection": true,
  "new_state_exclusions": 0,
  "implementation": "Independent scalar replay enumerates admissible j instead of using the closed Jmax formula.",
  "external_review": "OPEN"
}
