PROFILE 0 18 1 {'no_penalty': 'single_threshold_profile_exclusion', 'penalty': 'single_threshold_profile_exclusion'} 16 0.03
PROFILE 1 18 1 {'no_penalty': 'survives_projection', 'penalty': 'survives_projection'} 28 0.08
PROFILE 2 18 1 {'no_penalty': 'single_threshold_profile_exclusion', 'penalty': 'single_threshold_profile_exclusion'} 14 0.1
PROFILE 3 18 1 {'no_penalty': 'survives_projection', 'penalty': 'survives_projection'} 18 0.14
PROFILE 4 18 1 {'no_penalty': 'survives_projection', 'penalty': 'survives_projection'} 8 0.16
PROFILE 5 18 1 {'no_penalty': 'survives_projection', 'penalty': 'survives_projection'} 8 0.19
PROFILE 6 18 1 {'no_penalty': 'survives_projection', 'penalty': 'survives_projection'} 10 0.21
PROFILE 7 18 1 {'no_penalty': 'survives_projection', 'penalty': 'survives_projection'} 10 0.23
PROFILE 8 18 1 {'no_penalty': 'survives_projection', 'penalty': 'survives_projection'} 12 0.26
PROFILE 9 18 1 {'no_penalty': 'survives_projection', 'penalty': 'survives_projection'} 12 0.29
PROFILE 10 18 1 {'no_penalty': 'survives_projection', 'penalty': 'survives_projection'} 12 0.32
PROFILE 11 19 3 {'no_penalty': 'single_threshold_profile_exclusion', 'penalty': 'single_threshold_profile_exclusion'} 16 0.35
PROFILE 12 19 3 {'no_penalty': 'single_threshold_profile_exclusion', 'penalty': 'single_threshold_profile_exclusion'} 16 0.37
PROFILE 13 19 3 {'no_penalty': 'survives_projection', 'penalty': 'single_threshold_profile_exclusion'} 15 0.39
PROFILE 14 19 3 {'no_penalty': 'single_threshold_profile_exclusion', 'penalty': 'single_threshold_profile_exclusion'} 16 0.42
PROFILE 15 19 3 {'no_penalty': 'single_threshold_profile_exclusion', 'penalty': 'single_threshold_profile_exclusion'} 13 0.44
PROFILE 16 19 3 {'no_penalty': 'survives_projection', 'penalty': 'survives_projection'} 10 0.46
PROFILE 17 19 2 {'no_penalty': 'survives_projection', 'penalty': 'single_threshold_profile_exclusion'} 10 0.48
PROFILE 18 19 2 {'no_penalty': 'survives_projection', 'penalty': 'survives_projection'} 20 0.52
PROFILE 19 19 2 {'no_penalty': 'survives_projection', 'penalty': 'single_threshold_profile_exclusion'} 15 0.54
PROFILE 20 19 2 {'no_penalty': 'survives_projection', 'penalty': 'survives_projection'} 9 0.56
PROFILE 21 19 2 {'no_penalty': 'survives_projection', 'penalty': 'survives_projection'} 10 0.58
PROFILE 22 19 2 {'no_penalty': 'survives_projection', 'penalty': 'survives_projection'} 10 0.6
PROFILE 23 19 2 {'no_penalty': 'survives_projection', 'penalty': 'survives_projection'} 10 0.62
PROFILE 24 19 2 {'no_penalty': 'survives_projection', 'penalty': 'survives_projection'} 10 0.64
PROFILE 25 19 2 {'no_penalty': 'survives_projection', 'penalty': 'survives_projection'} 10 0.66
PROFILE 26 19 2 {'no_penalty': 'survives_projection', 'penalty': 'survives_projection'} 12 0.68
