{
  "status": "PYTHON_GENERATED_CPP_REPLAY_PENDING",
  "seed": 202609162,
  "records": 11357,
  "exhaustive_graphs_inspected": 33856,
  "exhaustive_graph_records": 1126,
  "sampled_graph_records": 270,
  "negative_controls": 3,
  "incidence_multisets_inspected": 27027,
  "incidence_records": 9958,
  "incidence_eligible": 9957,
  "incidence_eligible_incomplete": 7072,
  "incidence_eligible_u_ge_2": 334,
  "graph_eligible": 1396,
  "graph_eligible_incomplete": 431,
  "graph_eligible_singleton_replacements": 498,
  "graph_eligible_incomplete_with_singletons": 259,
  "graph_diameter_two": 1071,
  "covering_failure_controls": 1,
  "input_sha256": "ab9ed63d9caa99b5fbd237fc6b238f77b69a8dc893ff17a764f96ff5cc9ab4bb",
  "decision_sha256": "c4859538b56444860b26fdc46e40f68bf21b4c65b68dce2e394b531c621ba82a",
  "scope": "Local graph lemma and incidence relaxation only; no canonical graph census, catalogue application or independent expert acceptance."
}
{
  "status": "PASS_LOCAL_AND_INCIDENCE_CHECKS",
  "seed": 202609162,
  "records": 11357,
  "exhaustive_graphs_inspected": 33856,
  "exhaustive_graph_records": 1126,
  "sampled_graph_records": 270,
  "negative_controls": 3,
  "incidence_multisets_inspected": 27027,
  "incidence_records": 9958,
  "incidence_eligible": 9957,
  "incidence_eligible_incomplete": 7072,
  "incidence_eligible_u_ge_2": 334,
  "graph_eligible": 1396,
  "graph_eligible_incomplete": 431,
  "graph_eligible_singleton_replacements": 498,
  "graph_eligible_incomplete_with_singletons": 259,
  "graph_diameter_two": 1071,
  "covering_failure_controls": 1,
  "input_sha256": "ab9ed63d9caa99b5fbd237fc6b238f77b69a8dc893ff17a764f96ff5cc9ab4bb",
  "decision_sha256": "c4859538b56444860b26fdc46e40f68bf21b4c65b68dce2e394b531c621ba82a",
  "scope": "Local graph lemma and incidence relaxation only; no canonical graph census, catalogue application or independent expert acceptance.",
  "cpp_decision_sha256": "c4859538b56444860b26fdc46e40f68bf21b4c65b68dce2e394b531c621ba82a",
  "replay_agreement_records": 11357
}
