Running HiGHS 1.8.0 (git hash: 222cce7): Copyright (c) 2024 HiGHS under MIT licence terms
Coefficient ranges:
  Matrix [1e+00, 2e+01]
  Cost   [0e+00, 0e+00]
  Bound  [1e+00, 2e+01]
  RHS    [1e+00, 2e+01]
Presolving model
9067 rows, 3058 cols, 37652 nonzeros  0s
6434 rows, 3057 cols, 35610 nonzeros  0s
6434 rows, 3057 cols, 34224 nonzeros  0s
Objective function is integral with scale 1

Solving MIP model with:
   6434 rows
   3057 cols (3028 binary, 29 integer, 0 implied int., 0 continuous)
   34224 nonzeros
MIP-Timing:       0.074 - starting analytic centre calculation

Src: B => Branching; C => Central rounding; F => Feasibility pump; H => Heuristic; L => Sub-MIP;
     P => Empty MIP; R => Randomized rounding; S => Solve LP; T => Evaluate node; U => Unbounded;
     z => Trivial zero; l => Trivial lower; u => Trivial upper; p => Trivial point

        Nodes      |    B&B Tree     |            Objective Bounds              |  Dynamic Constraints |       Work      
Src  Proc. InQueue |  Leaves   Expl. | BestBound       BestSol              Gap |   Cuts   InLp Confl. | LpIters     Time

         0       0         0   0.00%   0               inf                  inf        0      0      0         0     0.1s
         0       0         0   0.00%   0               inf                  inf        0      0     18      3519     0.9s
         0       0         0   0.00%   0               inf                  inf      396     97    697      8159     7.3s
         0       0         0   0.00%   0               inf                  inf      405     97    755     52496    20.0s

Solving report
  Status            Time limit reached
  Primal bound      inf
  Dual bound        0
  Gap               inf
  P-D integral      0
  Solution status   -
  Timing            20.01 (total)
                    0.00 (presolve)
                    0.00 (solve)
                    0.00 (postsolve)
  Max sub-MIP depth 1
  Nodes             0
  Repair LPs        0 (0 feasible; 0 iterations)
  LP iterations     52496 (total)
                    0 (strong br.)
                    4640 (separation)
                    44337 (heuristics)
SAVED_RESULT n34-m289-7896-label_compatible.solver.json 1
