Running HiGHS 1.8.0 (git hash: 222cce7): Copyright (c) 2024 HiGHS under MIT licence terms
Coefficient ranges:
  Matrix [1e+00, 2e+01]
  Cost   [0e+00, 0e+00]
  Bound  [1e+00, 2e+01]
  RHS    [1e+00, 2e+01]
Presolving model
4592 rows, 3750 cols, 21894 nonzeros  0s
1471 rows, 3738 cols, 19558 nonzeros  0s
1471 rows, 3738 cols, 19558 nonzeros  0s
Objective function is integral with scale 1

Solving MIP model with:
   1471 rows
   3738 cols (3708 binary, 30 integer, 0 implied int., 0 continuous)
   19558 nonzeros
MIP-Timing:       0.046 - starting analytic centre calculation

Src: B => Branching; C => Central rounding; F => Feasibility pump; H => Heuristic; L => Sub-MIP;
     P => Empty MIP; R => Randomized rounding; S => Solve LP; T => Evaluate node; U => Unbounded;
     z => Trivial zero; l => Trivial lower; u => Trivial upper; p => Trivial point

        Nodes      |    B&B Tree     |            Objective Bounds              |  Dynamic Constraints |       Work      
Src  Proc. InQueue |  Leaves   Expl. | BestBound       BestSol              Gap |   Cuts   InLp Confl. | LpIters     Time

         0       0         0   0.00%   0               inf                  inf        0      0      0         0     0.0s
         0       0         0   0.00%   0               inf                  inf        0      0      3       817     0.1s

Symmetry detection completed in 0.0s
Found 17 generator(s)

       126      28        18   0.00%   0               inf                  inf     2286    104   1015     43757     7.2s
       250      28        75   0.00%   0               inf                  inf     2705    200   1128     77864    12.3s
       310      31       105   0.00%   0               inf                  inf     2912     95   1200    115944    18.4s
       359      30       131   0.00%   0               inf                  inf     3017    117   1239    123085    20.0s

Solving report
  Status            Time limit reached
  Primal bound      inf
  Dual bound        0
  Gap               inf
  P-D integral      0
  Solution status   -
  Timing            20.00 (total)
                    0.00 (presolve)
                    0.00 (solve)
                    0.00 (postsolve)
  Max sub-MIP depth 4
  Nodes             359
  Repair LPs        0 (0 feasible; 0 iterations)
  LP iterations     123085 (total)
                    0 (strong br.)
                    3485 (separation)
                    81583 (heuristics)
SAVED_RESULT n35-m306-246-degree_routing.solver.json 1
