Running HiGHS 1.8.0 (git hash: 222cce7): Copyright (c) 2024 HiGHS under MIT licence terms
Coefficient ranges:
  Matrix [1e+00, 2e+01]
  Cost   [0e+00, 0e+00]
  Bound  [1e+00, 2e+01]
  RHS    [1e+00, 2e+01]
Presolving model
4216 rows, 3430 cols, 19774 nonzeros  0s
1493 rows, 3386 cols, 18399 nonzeros  0s
1493 rows, 3386 cols, 18399 nonzeros  0s
Objective function is integral with scale 1

Solving MIP model with:
   1493 rows
   3386 cols (3356 binary, 30 integer, 0 implied int., 0 continuous)
   18399 nonzeros
MIP-Timing:       0.042 - starting analytic centre calculation

Src: B => Branching; C => Central rounding; F => Feasibility pump; H => Heuristic; L => Sub-MIP;
     P => Empty MIP; R => Randomized rounding; S => Solve LP; T => Evaluate node; U => Unbounded;
     z => Trivial zero; l => Trivial lower; u => Trivial upper; p => Trivial point

        Nodes      |    B&B Tree     |            Objective Bounds              |  Dynamic Constraints |       Work      
Src  Proc. InQueue |  Leaves   Expl. | BestBound       BestSol              Gap |   Cuts   InLp Confl. | LpIters     Time

         0       0         0   0.00%   0               inf                  inf        0      0      0         0     0.0s
         0       0         0   0.00%   0               inf                  inf        0      0      6       955     0.1s

Symmetry detection completed in 0.0s
Found 8 generator(s)

       104      52        27   0.00%   0               inf                  inf     1627     72    691     27576     5.2s
       133      48        43   0.00%   0               inf                  inf     1845     50    733     63614    10.7s
       231      48        83   0.00%   0               inf                  inf     1932     65    800    113452    16.7s
       311      64       125   0.00%   0               inf                  inf     2117    129    988    140117    20.0s

Solving report
  Status            Time limit reached
  Primal bound      inf
  Dual bound        0
  Gap               inf
  P-D integral      0
  Solution status   -
  Timing            20.00 (total)
                    0.00 (presolve)
                    0.00 (solve)
                    0.00 (postsolve)
  Max sub-MIP depth 4
  Nodes             311
  Repair LPs        0 (0 feasible; 0 iterations)
  LP iterations     140117 (total)
                    0 (strong br.)
                    3259 (separation)
                    84037 (heuristics)
SAVED_RESULT n35-m306-17-degree_routing.solver.json 1
