Running HiGHS 1.8.0 (git hash: 222cce7): Copyright (c) 2024 HiGHS under MIT licence terms
Coefficient ranges:
  Matrix [1e+00, 2e+01]
  Cost   [0e+00, 0e+00]
  Bound  [1e+00, 2e+01]
  RHS    [1e+00, 2e+01]
Presolving model
13027 rows, 4321 cols, 55710 nonzeros  0s
8579 rows, 4321 cols, 51757 nonzeros  0s
8579 rows, 4321 cols, 47389 nonzeros  0s
Objective function is integral with scale 1

Solving MIP model with:
   8579 rows
   4321 cols (4289 binary, 32 integer, 0 implied int., 0 continuous)
   47389 nonzeros
MIP-Timing:        0.11 - starting analytic centre calculation

Src: B => Branching; C => Central rounding; F => Feasibility pump; H => Heuristic; L => Sub-MIP;
     P => Empty MIP; R => Randomized rounding; S => Solve LP; T => Evaluate node; U => Unbounded;
     z => Trivial zero; l => Trivial lower; u => Trivial upper; p => Trivial point

        Nodes      |    B&B Tree     |            Objective Bounds              |  Dynamic Constraints |       Work      
Src  Proc. InQueue |  Leaves   Expl. | BestBound       BestSol              Gap |   Cuts   InLp Confl. | LpIters     Time

         0       0         0   0.00%   0               inf                  inf        0      0      0         0     0.1s
         0       0         0   0.00%   0               inf                  inf        0      0      6      3771     1.3s
         0       0         0   0.00%   0               inf                  inf      351     58     93      8064     8.6s
         0       0         0   0.00%   0               inf                  inf      538    116    108     11761    13.9s
         0       0         0   0.00%   0               inf                  inf      580    131    116     12543    19.2s
         0       0         0   0.00%   0               inf                  inf      592    136    123     12543    23.4s

Solving report
  Status            Time limit reached
  Primal bound      inf
  Dual bound        0
  Gap               inf
  P-D integral      0
  Solution status   -
  Timing            23.40 (total)
                    0.00 (presolve)
                    0.00 (solve)
                    0.00 (postsolve)
  Max sub-MIP depth 0
  Nodes             0
  Repair LPs        0 (0 feasible; 0 iterations)
  LP iterations     12543 (total)
                    0 (strong br.)
                    8772 (separation)
                    0 (heuristics)
SAVED_RESULT n35-m306-454-label_compatible.solver.json 1
